// Jest Snapshot v1, https://goo.gl/fbAQLP

exports[`<Form> renders the form 1`] = `
<DocumentFragment>
  <form
    class="form"
  >
    <h1>
      Welcome to Historical Recipes, Use GET to see all!
    </h1>
    <section
      class="form"
    >
      <label
        for="name"
      >
        Name
      </label>
      <input
        id="name"
        name="name"
      />
      <label
        for="ingredients"
      >
        Ingredients
      </label>
      <input
        id="ingredients"
        name="ingredients"
      />
      <label
        for="directions"
      >
        Directions
      </label>
      <input
        id="directions"
        name="directions"
      />
      <label
        for="source"
      >
        Source
      </label>
      <input
        id="source"
        name="source"
      />
      <label
        for="date"
      >
        Date
      </label>
      <input
        id="date"
        name="date"
      />
      <label
        for="id"
      >
        ID
      </label>
      <input
        data-testid="id"
        id="id"
        name="id"
        type="number"
      />
    </section>
    <section>
      <input
        data-testid="get"
        id="get"
        name="method"
        type="radio"
        value="GET"
      />
      <label
        for="get"
      >
        GET
      </label>
      <input
        id="post"
        name="method"
        type="radio"
        value="POST"
      />
      <label
        for="post"
      >
        POST
      </label>
      <input
        id="put"
        name="method"
        type="radio"
        value="PUT"
      />
      <label
        for="put"
      >
        PUT
      </label>
      <input
        id="patch"
        name="method"
        type="radio"
        value="PATCH"
      />
      <label
        for="patch"
      >
        PATCH
      </label>
      <input
        id="delete"
        name="method"
        type="radio"
        value="DELETE"
      />
      <label
        for="delete"
      >
        DELETE
      </label>
    </section>
    <button>
      Create Fetch!
    </button>
  </form>
</DocumentFragment>
`;
